// Jest Snapshot v1, https://goo.gl/fbAQLP

exports[`Appknobs current renders children 1`] = `
<span>
  12
</span>
`;

exports[`Appknobs legacy renders children 1`] = `
<span>
  12
</span>
`;
